// Jest Snapshot v1, https://goo.gl/fbAQLP

exports[`<Layout> renders children in div 1`] = `
<div
  className="container"
>
  <span />
</div>
`;
